FINAL STATE:
GameOverState
Yellow won.


SIMULATION LOG:
[SIMULATION STARTING]
===Model state===
GameState
It is reds turn.
model.time=None
The mouse is at (550, 400).
model.mouse_down_time=None
0 1 2 3 4 5 6
-------------
O O O O O O O
O O O O O O O
O O O O O O O
O O O O O O O
O O O O O O O
O O O O O O O



[SIMULATING MSG=ColumnWasClicked(column=0)]

Placing brick color red in column 0
===Model state===
GameState
It is yellows turn.
model.time=None
The mouse is at (550, 400).
model.mouse_down_time=None
0 1 2 3 4 5 6
-------------
O O O O O O O
O O O O O O O
O O O O O O O
O O O O O O O
O O O O O O O
R O O O O O O



[SIMULATING MSG=ColumnWasClicked(column=1)]

Placing brick color yellow in column 1
===Model state===
GameState
It is reds turn.
model.time=None
The mouse is at (550, 400).
model.mouse_down_time=None
0 1 2 3 4 5 6
-------------
O O O O O O O
O O O O O O O
O O O O O O O
O O O O O O O
O O O O O O O
R Y O O O O O



[SIMULATING MSG=ColumnWasClicked(column=0)]

Placing brick color red in column 0
===Model state===
GameState
It is yellows turn.
model.time=None
The mouse is at (550, 400).
model.mouse_down_time=None
0 1 2 3 4 5 6
-------------
O O O O O O O
O O O O O O O
O O O O O O O
O O O O O O O
R O O O O O O
R Y O O O O O



[SIMULATING MSG=ColumnWasClicked(column=2)]

Placing brick color yellow in column 2
===Model state===
GameState
It is reds turn.
model.time=None
The mouse is at (550, 400).
model.mouse_down_time=None
0 1 2 3 4 5 6
-------------
O O O O O O O
O O O O O O O
O O O O O O O
O O O O O O O
R O O O O O O
R Y Y O O O O



[SIMULATING MSG=ColumnWasClicked(column=0)]

Placing brick color red in column 0
===Model state===
GameState
It is yellows turn.
model.time=None
The mouse is at (550, 400).
model.mouse_down_time=None
0 1 2 3 4 5 6
-------------
O O O O O O O
O O O O O O O
O O O O O O O
R O O O O O O
R O O O O O O
R Y Y O O O O



[SIMULATING MSG=ColumnWasClicked(column=3)]

Placing brick color yellow in column 3
===Model state===
GameState
It is reds turn.
model.time=None
The mouse is at (550, 400).
model.mouse_down_time=None
0 1 2 3 4 5 6
-------------
O O O O O O O
O O O O O O O
O O O O O O O
R O O O O O O
R O O O O O O
R Y Y Y O O O



[SIMULATING MSG=ColumnWasClicked(column=1)]

Placing brick color red in column 1
===Model state===
GameState
It is yellows turn.
model.time=None
The mouse is at (550, 400).
model.mouse_down_time=None
0 1 2 3 4 5 6
-------------
O O O O O O O
O O O O O O O
O O O O O O O
R O O O O O O
R R O O O O O
R Y Y Y O O O



[SIMULATING MSG=ColumnWasClicked(column=4)]

Placing brick color yellow in column 4
Found 4-in-a-row at (1, 5) dir (1, 0)
===Model state===
GameOverState
Yellow won.



[SIMULATION ENDED]
