STATE:
GameOverState
Red won.


LOG:
Placing brick color red in column 0
Board state is now:
0 1 2 3 4 5 6
-------------
O O O O O O O
O O O O O O O
O O O O O O O
O O O O O O O
O O O O O O O
R O O O O O O

Placing brick color yellow in column 1
Board state is now:
0 1 2 3 4 5 6
-------------
O O O O O O O
O O O O O O O
O O O O O O O
O O O O O O O
O O O O O O O
R Y O O O O O

Placing brick color red in column 0
Board state is now:
0 1 2 3 4 5 6
-------------
O O O O O O O
O O O O O O O
O O O O O O O
O O O O O O O
R O O O O O O
R Y O O O O O

Placing brick color yellow in column 1
Board state is now:
0 1 2 3 4 5 6
-------------
O O O O O O O
O O O O O O O
O O O O O O O
O O O O O O O
R Y O O O O O
R Y O O O O O

Placing brick color red in column 0
Board state is now:
0 1 2 3 4 5 6
-------------
O O O O O O O
O O O O O O O
O O O O O O O
R O O O O O O
R Y O O O O O
R Y O O O O O

Placing brick color yellow in column 1
Board state is now:
0 1 2 3 4 5 6
-------------
O O O O O O O
O O O O O O O
O O O O O O O
R Y O O O O O
R Y O O O O O
R Y O O O O O

Placing brick color red in column 0
Board state is now:
0 1 2 3 4 5 6
-------------
O O O O O O O
O O O O O O O
R O O O O O O
R Y O O O O O
R Y O O O O O
R Y O O O O O

Found 4-in-a-row at (0, 2) dir (0, 1)
Drawing rectangle center (550, 400) size (1100, 800) color (0, 0, 255)
Drawing text 'GAME OVER' at (550, 355) color (255, 255, 255) size 45
Drawing text 'RED WON!' at (550, 445) color (255, 0, 0) size 45
