STATE:
GameState
It is reds turn.
The mouse is at (550, 400).
0 1 2 3 4 5 6
-------------
O O O O O O O
O O O O O O O
Y O O O O O O
R O O O O O O
Y O O O O O O
R O O O O O O


LOG:
Placing brick color red in column 0
Board state is now:
0 1 2 3 4 5 6
-------------
O O O O O O O
O O O O O O O
O O O O O O O
O O O O O O O
O O O O O O O
R O O O O O O

Placing brick color yellow in column 0
Board state is now:
0 1 2 3 4 5 6
-------------
O O O O O O O
O O O O O O O
O O O O O O O
O O O O O O O
Y O O O O O O
R O O O O O O

Placing brick color red in column 0
Board state is now:
0 1 2 3 4 5 6
-------------
O O O O O O O
O O O O O O O
O O O O O O O
R O O O O O O
Y O O O O O O
R O O O O O O

Placing brick color yellow in column 0
Board state is now:
0 1 2 3 4 5 6
-------------
O O O O O O O
O O O O O O O
Y O O O O O O
R O O O O O O
Y O O O O O O
R O O O O O O

Drawing rectangle center (550, 400) size (1100, 800) color (0, 0, 0)
Drawing a disc center (550, 85) size 45 color (255, 0, 0)
Drawing rectangle center (550, 400) size (650, 560) color (0, 0, 255)
Drawing a disc center (280, 175) size 45 color (0, 0, 0)
Drawing a disc center (370, 175) size 45 color (0, 0, 0)
Drawing a disc center (460, 175) size 45 color (0, 0, 0)
Drawing a disc center (550, 175) size 45 color (0, 0, 0)
Drawing a disc center (640, 175) size 45 color (0, 0, 0)
Drawing a disc center (730, 175) size 45 color (0, 0, 0)
Drawing a disc center (820, 175) size 45 color (0, 0, 0)
Drawing a disc center (280, 265) size 45 color (0, 0, 0)
Drawing a disc center (370, 265) size 45 color (0, 0, 0)
Drawing a disc center (460, 265) size 45 color (0, 0, 0)
Drawing a disc center (550, 265) size 45 color (0, 0, 0)
Drawing a disc center (640, 265) size 45 color (0, 0, 0)
Drawing a disc center (730, 265) size 45 color (0, 0, 0)
Drawing a disc center (820, 265) size 45 color (0, 0, 0)
Drawing a disc center (280, 355) size 45 color (255, 255, 0)
Drawing a disc center (370, 355) size 45 color (0, 0, 0)
Drawing a disc center (460, 355) size 45 color (0, 0, 0)
Drawing a disc center (550, 355) size 45 color (0, 0, 0)
Drawing a disc center (640, 355) size 45 color (0, 0, 0)
Drawing a disc center (730, 355) size 45 color (0, 0, 0)
Drawing a disc center (820, 355) size 45 color (0, 0, 0)
Drawing a disc center (280, 445) size 45 color (255, 0, 0)
Drawing a disc center (370, 445) size 45 color (0, 0, 0)
Drawing a disc center (460, 445) size 45 color (0, 0, 0)
Drawing a disc center (550, 445) size 45 color (0, 0, 0)
Drawing a disc center (640, 445) size 45 color (0, 0, 0)
Drawing a disc center (730, 445) size 45 color (0, 0, 0)
Drawing a disc center (820, 445) size 45 color (0, 0, 0)
Drawing a disc center (280, 535) size 45 color (255, 255, 0)
Drawing a disc center (370, 535) size 45 color (0, 0, 0)
Drawing a disc center (460, 535) size 45 color (0, 0, 0)
Drawing a disc center (550, 535) size 45 color (0, 0, 0)
Drawing a disc center (640, 535) size 45 color (0, 0, 0)
Drawing a disc center (730, 535) size 45 color (0, 0, 0)
Drawing a disc center (820, 535) size 45 color (0, 0, 0)
Drawing a disc center (280, 625) size 45 color (255, 0, 0)
Drawing a disc center (370, 625) size 45 color (0, 0, 0)
Drawing a disc center (460, 625) size 45 color (0, 0, 0)
Drawing a disc center (550, 625) size 45 color (0, 0, 0)
Drawing a disc center (640, 625) size 45 color (0, 0, 0)
Drawing a disc center (730, 625) size 45 color (0, 0, 0)
Drawing a disc center (820, 625) size 45 color (0, 0, 0)
Drawing text 'Red to place disc' at (550, 20) color (255, 255, 255) size 30
Drawing rectangle center (235, 400) size (2, 100) color (0, 255, 0)
Drawing rectangle center (865, 400) size (2, 100) color (0, 255, 0)
