FINAL STATE:
GameOverState
Yellow won.


FINAL SCREEN:
...............................................................................
...............................................................................
...............................................................................
...............................................................................
...............................................................................
...............................................................................
...............................................................................
...............................................................................
...............................................................................
.................BBBBBBBBBBBBBBBBBBBBBBBBBBBBBBBBBBBBBBBBBBBBBB................
.................BB....BB....BBB....BB....BB....BBB....BB....BB................
.................B.....B......B.....B......B.....B......B.....B................
...............................................................................
...............................................................................
.................B.....B......B.....B......B.....B......B.....B................
.................BB....BB....BBB...BBB....BBB...BBB....BB....BB................
.................BB...BBBB..BBBB...BBBB..BBBB...BBBB..BBBB...BB................
.................B.....B......B.....B......B.....B......B.....B................
.................B............................................B................
...............................................................................
.................B............B..................B............B................
.................B.....BB.....B.....BB....BB.....B.....BB.....B................
.................BBB.BBBBB..BBBBB.BBBBB..BBBBB.BBBBB..BBBBB.BBB................
.................B.....BB....BB.....BBYYYYBB.....BB....BB.....B................
.................B............B.....BYYYYYYB.....B............B................
.................................WWW.YW.Y.WWWWW................................
.................................WW.W.WWYWY.WWW................................
.................B.....B......B.....BYYYYYYB.....B......B.....B................
.................BB...BBB....BBB...BBBYYYYBBB...BBB....BBB...BB................
.................BBRRRBBB....BBB...BBBYYYYBBBYYYBBBRRRRBBB...BB................
.................BRRRRRB......B.....BYYYYYYBYYYYYBRRRRRRB.....B................
.................RRRRRRR.........W...WYYYYYYYWWWYYRRRRRR.......................
.................RRRRRRR........WYW...Y.YYYYYWYYYYRRRRRR.......................
.................BRRRRRR......B.....BYYYYYYBYYYYYBRRRRRR......B................
.................BRRRRRBB....BB.....BBYYYYBBYYYYYBBRRRRBB.....B................
.................BBBRBBBBB..BBBBB.BBBBBYYBBBBBYBBBBBYYBBBBB.BBB................
.................BRRRRRBB.....B.....BBYYYYBBYYYYYBYYYYYBB.....B................
.................BRRRRRR......B......YYYYYYYYYYYYBYYYYYY......B................
.................RRRRRRR.............YYYYYYYYYYYYYYYYYYY.......................
.................BRRRRRR.............YYYYYYYYYYYYYYYYYYY......B................
.................BRRRRRB......B.....BYYYYYYBYYYYYBYYYYYYB.....B................
.................BBRRRBBBB..BBBB...BBBBYYBBBBYYYBBBBYYBBBB...BB................
.................BBRRRRBB....BBB...BBBRRRRBBBRRRBBBRRRRBBYYYYBB................
.................BRRRRRB......B.....BRRRRRRBRRRRRBRRRRRRBYYYYYB................
.................RRRRRRR.............RRRRRRRRRRRRRRRRRRRYYYYYYY................
.................RRRRRRR.............RRRRRRRRRRRRRRRRRRRYYYYYYY................
.................BRRRRRB......B.....BRRRRRRBRRRRRBRRRRRRBYYYYYB................
.................BBRRRRBB....BBB....BBRRRRBBRRRRBBBRRRRBBYYYYBB................
.................BBBBBBBBBBBBBBBBBBBBBBBBBBBBBBBBBBBBBBBBBBBBBB................
...............................................................................
...............................................................................
...............................................................................
...............................................................................
...............................................................................
...............................................................................
...............................................................................
...............................................................................


SIMULATION LOG:
[SIMULATION STARTING]
===Model state===
GameState
It is reds turn.
model.time=None
The mouse is at (550, 400).
model.mouse_down_time=None
0 1 2 3 4 5 6
-------------
O O O O O O O
O O O O O O O
O O O O O O O
O O O O O O O
O O O O O O O
O O O O O O O



[SIMULATING MSG=ColumnWasClicked(column=0)]

Playing sound drop.
LOG: Placing brick color red in column 0
===Model state===
GameState
It is yellows turn.
model.time=None
The mouse is at (550, 400).
model.mouse_down_time=None
0 1 2 3 4 5 6
-------------
O O O O O O O
O O O O O O O
O O O O O O O
O O O O O O O
O O O O O O O
R O O O O O O



[SIMULATING MSG=ColumnWasClicked(column=6)]

Playing sound drop.
LOG: Placing brick color yellow in column 6
===Model state===
GameState
It is reds turn.
model.time=None
The mouse is at (550, 400).
model.mouse_down_time=None
0 1 2 3 4 5 6
-------------
O O O O O O O
O O O O O O O
O O O O O O O
O O O O O O O
O O O O O O O
R O O O O O Y



[SIMULATING MSG=ColumnWasClicked(column=5)]

Playing sound drop.
LOG: Placing brick color red in column 5
===Model state===
GameState
It is yellows turn.
model.time=None
The mouse is at (550, 400).
model.mouse_down_time=None
0 1 2 3 4 5 6
-------------
O O O O O O O
O O O O O O O
O O O O O O O
O O O O O O O
O O O O O O O
R O O O O R Y



[SIMULATING MSG=ColumnWasClicked(column=5)]

Playing sound drop.
LOG: Placing brick color yellow in column 5
===Model state===
GameState
It is reds turn.
model.time=None
The mouse is at (550, 400).
model.mouse_down_time=None
0 1 2 3 4 5 6
-------------
O O O O O O O
O O O O O O O
O O O O O O O
O O O O O O O
O O O O O Y O
R O O O O R Y



[SIMULATING MSG=ColumnWasClicked(column=4)]

Playing sound drop.
LOG: Placing brick color red in column 4
===Model state===
GameState
It is yellows turn.
model.time=None
The mouse is at (550, 400).
model.mouse_down_time=None
0 1 2 3 4 5 6
-------------
O O O O O O O
O O O O O O O
O O O O O O O
O O O O O O O
O O O O O Y O
R O O O R R Y



[SIMULATING MSG=ColumnWasClicked(column=4)]

Playing sound drop.
LOG: Placing brick color yellow in column 4
===Model state===
GameState
It is reds turn.
model.time=None
The mouse is at (550, 400).
model.mouse_down_time=None
0 1 2 3 4 5 6
-------------
O O O O O O O
O O O O O O O
O O O O O O O
O O O O O O O
O O O O Y Y O
R O O O R R Y



[SIMULATING MSG=ColumnWasClicked(column=3)]

Playing sound drop.
LOG: Placing brick color red in column 3
===Model state===
GameState
It is yellows turn.
model.time=None
The mouse is at (550, 400).
model.mouse_down_time=None
0 1 2 3 4 5 6
-------------
O O O O O O O
O O O O O O O
O O O O O O O
O O O O O O O
O O O O Y Y O
R O O R R R Y



[SIMULATING MSG=ColumnWasClicked(column=4)]

Playing sound drop.
LOG: Placing brick color yellow in column 4
===Model state===
GameState
It is reds turn.
model.time=None
The mouse is at (550, 400).
model.mouse_down_time=None
0 1 2 3 4 5 6
-------------
O O O O O O O
O O O O O O O
O O O O O O O
O O O O Y O O
O O O O Y Y O
R O O R R R Y



[SIMULATING MSG=ColumnWasClicked(column=5)]

Playing sound drop.
LOG: Placing brick color red in column 5
===Model state===
GameState
It is yellows turn.
model.time=None
The mouse is at (550, 400).
model.mouse_down_time=None
0 1 2 3 4 5 6
-------------
O O O O O O O
O O O O O O O
O O O O O O O
O O O O Y R O
O O O O Y Y O
R O O R R R Y



[SIMULATING MSG=ColumnWasClicked(column=3)]

Playing sound drop.
LOG: Placing brick color yellow in column 3
===Model state===
GameState
It is reds turn.
model.time=None
The mouse is at (550, 400).
model.mouse_down_time=None
0 1 2 3 4 5 6
-------------
O O O O O O O
O O O O O O O
O O O O O O O
O O O O Y R O
O O O Y Y Y O
R O O R R R Y



[SIMULATING MSG=ColumnWasClicked(column=0)]

Playing sound drop.
LOG: Placing brick color red in column 0
===Model state===
GameState
It is yellows turn.
model.time=None
The mouse is at (550, 400).
model.mouse_down_time=None
0 1 2 3 4 5 6
-------------
O O O O O O O
O O O O O O O
O O O O O O O
O O O O Y R O
R O O Y Y Y O
R O O R R R Y



[SIMULATING MSG=ColumnWasClicked(column=3)]

Playing sound drop.
LOG: Placing brick color yellow in column 3
===Model state===
GameState
It is reds turn.
model.time=None
The mouse is at (550, 400).
model.mouse_down_time=None
0 1 2 3 4 5 6
-------------
O O O O O O O
O O O O O O O
O O O O O O O
O O O Y Y R O
R O O Y Y Y O
R O O R R R Y



[SIMULATING MSG=ColumnWasClicked(column=0)]

Playing sound drop.
LOG: Placing brick color red in column 0
===Model state===
GameState
It is yellows turn.
model.time=None
The mouse is at (550, 400).
model.mouse_down_time=None
0 1 2 3 4 5 6
-------------
O O O O O O O
O O O O O O O
O O O O O O O
R O O Y Y R O
R O O Y Y Y O
R O O R R R Y



[SIMULATING MSG=ColumnWasClicked(column=3)]

Playing sound drop.
LOG: Placing brick color yellow in column 3
LOG: Found 4-in-a-row at (3, 2) dir (1, 1)
===Model state===
GameOverState
Yellow won.



[SIMULATION ENDED]
