FINAL STATE:
StartScreenState
model.time=0

SIMULATION LOG:
[SIMULATION STARTING]
===Model state===
GameOverState
Red won.



[SIMULATING MSG=LeftMouseDownAt(pos=(1, 1))]

===Model state===
StartScreenState
model.time=0


[SIMULATION ENDED]
