FINAL STATE:
StartScreenState
model.time=0

FINAL SCREEN:
BWWWWWWWWWWWWWWWWWWWWWWWWWWWWWWWWWWWWWWWWWWWWWWWWWWWWWWWWWWWWWWWWWWWWWWWWWWWWWW
WWWWWWWWWWWWWWWWWWWWWWWWWWWWWWWWWWWWWWWWWWWWWWWWWWWWWWWWWWWWWWWWWWWWWWWWWWWWWWW
WWWWWWWWWWWWWWWWWWWWWWWWWWWWWWWWWWWWWWWWWWWWWWWWWWWWWWWWWBWWWWWWWWWWWWWWWWWWWWW
WYYYYYWWYYYYYWWYYYYWWYYYYYWWWWWWWWWWWWWWWWWWWWWWWWWWWWWWWWWWWWWWWWWWWWWWWWWWWWW
YYYYYYYYYYYYYYYYYYYYYYYYYYYYWWWWWWWWWWWWWWWWWWWWWWWWWWWWWWWWWWWWWWWWWWWWWWWWWWW
YYYYYYYYYYYYYYYYYYYYYYYYYYYYWWWWWWWWWWWWWWWWWWWWWWWWWWWWWWWWWWWWWWWWWWWWWWWWWWW
YYYYYYYYYYYYYYYYYYYYYYYYYYYYYWWWWWWWWWWWWWWWWWWWWWWWWWWWWWWWWWWWWWWWWWWWWWWWWWW
YYYYYYYYYYYYYYYYYYYYYYYYYYYYYWWWWWWWWWWWWWWWWWWWWWWWWWWWWWWWWWWWWWWWWWWWWWWWWWW
YYYYYYYYYYYYYYYYYYYYYYYYYYYYYWWWWWWWWWWWWWWWWWWWWWWWWWWWWWWWWWWWWWWWWWWWWWWWWWW
YYYYYYYYYYYYYYYYYYYYYYYYYYYYWWWWWWWWWWWWWWWWWWWWWWWWWWWWWWWWWWWWWWWWWWWWWWWWWWW
YYYYYYYYYYYYYYYYYYYYYYYYYYYYWWWWWWWWWWWWWWWWWWWWWWWWWWWWWWWWWWWWWWWWWWWWWWWWWWW
WYYYYYWYYYYYYWYYYYYYWYYYYYYWWWWWWWWWWWWWWWWWWWWWWWWWWWWWWWWWWWWWWWWWWWWWWWWWWWW
WWWWWWWWWWWWWWWWWWWWWWWWWWWWWWWWWWWWWWWWWWWWWWWWWWWWWWWWWWWWWWWWWWWWWWWWWWWWWWW
WWWWWWWWWWWWWWWWWWWWWWWWWWWWWWWWWWWWWWWWWWWWWWWWWWWWWWWWWWWWWWWWWWWWWWWWWWWWWWW
WWWWWWWWWWWWWWWWWWWWWWWWWWWWWWWWWWWWWWWWWWWWWWWWWWWWWWWWWWWWWWWWWWWWWWWWWWWWWWW
WWWWWWWWWWWWWWWWWWWWWWWWWWWWWWWWWWWWWWWWWWWWWWWWWWWWWWWWWWWWWWWWWWWWWWWWWWWWWWW
WWWWWWWWWWWWWWWWWWWWWWWWWWWWWWWWWWWWWWWWWWWWWWWWWWWWWWWWWWWWWWWWWWWWWWWWWWWWWWW
WWWWWWWWWWWWWWWWWWWWWWWWWWWWWWWWWWWWWWWWWWWWWWWWWWWWWWWWWWWWWWWWWWWWWWWWWWWWWWW
WWWWWWWWWWWWWWWWWWWWWWWWWWWWWWWWWWWWWWWWWWWWWWWWWWWWWWWWWWWWWWWWWWWWWWWWWWWWWWW
WWWWWWWWWWWWWWWWWWWWWWWWWWWWWWWWWWWWWWWWWWWWWWWWWWWWWWWWWWWWWWWWWWWWWWWBWWWWWWW
WWWWWWWWWWWWWWWWWWWWWWWWWWWWWWWWWWWWWWWWWWWWWWWWWWWWWWWWWWWWWWWWWWWWWWWWWWWWWWW
WWWWWWWWWWWWWWWWWWWWWWWWWWWWWWWWWWWWWWWWWWWWWWWWWWWWWWWWWWWWWWWWWWWWWWWWWWWWWWW
WWWWWWWWWWWWWWWWWWWWWWWWWWWWWWWWWWWWWWWWWWWWWWWWWWWWWWWWWWWWWWWWWWWWWWWWWWWWWWW
WWWWWWWWWWWWWWWWWWWWWWWWWWWWWWWWWWWWWWWWWWWWWWWWWWWWWWWWWWWWWWWWWWWWWWWWWBWWWWW
WWWWWWWWWWWWWWWWWWWWWWWWWWWWWWWWWWWWWWWWWWWWWWWWWWWWWWWWWWWWWWWWWWWWWWWWWWWWWWW
WWWWWWWWWWWWWWWWWWWWWWWWWWWWWWWWWWWWWWWWWWWWWWWWWWWWWWWWWWWWWWWWWWWWWWWWWWWWWWW
WWWWWWWWWWWWWWWWWWWWWWWWWWWWWWWWWWWWWWWWWWWWWWWWWWWWWWWWWWWWWWWWWWWWWWWWWWWWWWW
WWWWWWWWWWWWWWWWWWWWWWWWWWWWWWWWWWWWWWWWWWWWWWWWWWWWWWWWWWWWWWWWWWWWWWWWWWWWWWW
WWWWWWWWWWWWWWWWWWWWWWWWWWWGWGWGWGGWWWGW.WGWWGWGWGWGGWWWWWWWWWWWWWWWWWWWWWWWWWW
WWWWWWWWWWWWWWWWWWWWWWWWWWWGWGW.WGGWWWGW.WWGWGWGWWGWWWWWWWWWWWWWWWWWWWWWWWWWBWW
WWWWWWWWWWWWWWWWWWWWWWWWWWWWWWWWWWWWWWWWWWWWWWWWWWWWWWWWWWWWWWWWWWWWWWWWWWWWBWW
WWWWWWWWWWWWWWWWWWWWWWWWWWYYWYYWYYYWWWYYWWYWWYYYWYWYWWWYWWWWWWWWWWWWWWWWWWWBBBW
WWWWWWWWWWWWWWWWWWWWYWYWWWY.WWWWWW.YWWW.WWWWWYYWYWWYYWWWWYYYWWWWWWWWWWWWWWWBBBW
WWWWWWWWWWWWWWWWWWWWWWWWWBWWWWWWWBBBWWWWWWWWWWWWWWWWWWWWWWWYWWWWWWWWWWWWWWBBBBB
WWWWWWWWWWWWWWWWWWWWWWWWWBBWWWWWWBBBWWBWWWWWWWWWWWWWWWWWWWWWWWWBWWWWWWBBBWBBBBB
WBWWWBBBBBWWWWWWWWWWWWWWWBBBWWWBBBBBWWBWWWWWWWWWWBWWWWWWWWBWWWBBWWWWWWBBBBBBBBB
WBWWWBBBBBBBBWWBBWWWWWBBWBBBWWWBBBBBWBBWWWWWWWWWWBWWWBWWWWBWWBBBBWWWWWBBBBBBBBB
WBWWWBBBBBBBBBWBBWWWWWBBWBBBWWWBBBBBWBBWWWWWBBBBWBBWBBWWWWBWWBBBBWBBWWBBBBBBBBB
WBWWWBWWBBBBBBWBBBWWWWBBBBBBWBWBBBBBBBBBWWWBBBBBBBBWBBBBWBBWWBBBBWWWBWBBBBBBBBB
WBWWWBWWBBBBBBWBBBWWWWBBBBBBWBWBBBBBBBBBBBWBBBBBBBBWBBBBBBBWWBBBBWWWBWBBBBBBBBB
BBWWWBWWBBBBBBWBBBBBBBBBBBBBWBBBBBBBBBBBBBBBBBBBBWBBBBBBBBBBBBBBBWWWBWBBBBBBBBB
BWWWWBWWBBBBBBBBBBBBBBBBBBBBBBBBBBBBBBBBBBBBBBBBBWBBBBBBBBBBBBBBBWWWBBWWBBBBBBB
BWWWBBWWWBBBBBBBBBBWBBBBBBBBWWBBBBBBBBBWBBBBBBBBWWBBBBBBBBWWBBBBBWWWBWWWBBBBBBB
BWWWBBWWWBBBBBBWBBBWBBBBWWBBWWBBBBWWBBBWBBBBBBBBWWWWWWBBBWWWBBBBBWWWBWWWBBBBBBB
BWWWBBWWWBBBBBBWBBBWBBBWWWBBWWBBWWWWWWWWWBBBBWBBWWWWWWBBBWWWBBBBBWWWBWWWBBBBBBB
WWWWBBWWWBBBBBBWBWWWWBBWWWWWWWBBWWWWWWWWWWWBBWBBWWWWWWBBBWWWBBBBBWWWBWWWBBBBBBB
WWWWBBWWWWBBBBWWWWWWWBWWWWWWWWBBWWWWWWWWWWWBBWBBWWWWWRRRRRRWRRRRRRWRRRRRRBRRRRR
WWWWBBWWWWBBBBWWWWWWWBWWWWWWWWWBWWWWWWWWWWWBWWWWWWWWRRRRRRRRRRRRRRRRRRRRRRRRRRR
WWWWBBWWWWBWWWWWWWWWWBWWWWWWWWWBWWWWWWWWWWWBWWWWWWWWRRRRRRRRRRRRRRRRRRRRRRRRRRR
WWWWWBWWWWBWWWWWWWWWWWWWWWWWWWWBWWWWWWWWWWWBWWWWWWWRRRRRRRRRRRRRRRRRRRRRRRRRRRR
WWWWWWWWWWBWWWWWWWWWWWWWWWWWWWWBWWWWWWWWWWWWWWWWWWWRRRRRRRRRRRRRRRRRRRRRRRRRRRR
WWWWWWWWWWBWWWWWWWWWWWWWWWWWWWWBWWWWWWWWWWWWWWWWWWWRRRRRRRRRRRRRRRRRRRRRRRRRRRR
WWWWWWWWWWWWWWWWWWWWWWWWWWWWWWWWWWWWWWWWWWWWWWWWWWWWRRRRRRRRRRRRRRRRRRRRRRRRRRR
WWWWWWWWWWWWWWWWWWWWWWWWWWWWWWWWWWWWWWWWWWWWWWWWWWWWRRRRRRRRRRRRRRRRRRRRRRRRRRR
WWWWWWWWWWWWWWWWWWWWWWWWWWWWWWWWWWWWWWWWWWWWWWWWWWWWWWRRRRRWWRRRRWWRRRRRWWRRRRR
WWWWWWWWWWWWWWWWWWWWWWWWWWWWWWWWWWWWWWWWWWWWWWWWWWWWWWWWWWWWWWWWWWWWWWWWWWWWWWW
WWWWWWWWWWWWWWWWWWWWWWWWWWWWWWWWWWWWWWWWWWWWWWWWWWWWWWWWWWWWWWWWWWWWWWWWWWWWWWW


SIMULATION LOG:
[SIMULATION STARTING]
===Model state===
StartScreenState
model.time=0


[SIMULATION ENDED]